// Jest Snapshot v1, https://goo.gl/fbAQLP

exports[`AppComponent renders the component 1`] = `
<mr-root
  title={[Function String]}
>
  <div
    class="container"
  >
    <div
      class="header"
    >
      <h1>
         Welcome to NGX-Portal! 
      </h1>
    </div>
    <div
      class="main"
    >
       Content 
      <router-outlet />
    </div>
    <div
      class="sidebar"
    >
      <mr-sidebar />
    </div>
    <div
      class="footer"
    >
      <div>
        The Footer
      </div>
    </div>
  </div>
</mr-root>
`;
