// Jest Snapshot v1, https://goo.gl/fbAQLP

exports[`SidebarComponent should render 1`] = `
<mr-sidebar
  authenticated$={[Function Store]}
  error$={[Function Store]}
  form={[Function FormGroup]}
  store={[Function Store]}
>
  <nav>
    <h2>
      Navigation
    </h2>
    
    <h3>
      Login
    </h3>
    <form
      class="ng-untouched ng-pristine ng-invalid"
      ng-reflect-form="[object Object]"
      novalidate=""
    >
      <div
        class="form-group"
      >
        <label
          for="input-email"
        >
          E-Mail
        </label>
        <input
          class="form-control ng-untouched ng-pristine ng-invalid"
          formcontrolname="email"
          id="input-email"
          ng-reflect-name="email"
          type="email"
        />
      </div>
      <div
        class="form-group"
      >
        <label
          for="input-password"
        >
          Password
        </label>
        <input
          class="form-control ng-untouched ng-pristine ng-invalid"
          formcontrolname="password"
          id="input-password"
          ng-reflect-name="password"
          type="password"
        />
      </div>
      <div
        class="form-group"
      >
        <button
          type="submit"
        >
          Login
        </button>
      </div>
      
    </form>
    
  </nav>
</mr-sidebar>
`;
